running egg_info
creating ../../build/arm_manual_control/arm_manual_control.egg-info
writing ../../build/arm_manual_control/arm_manual_control.egg-info/PKG-INFO
writing dependency_links to ../../build/arm_manual_control/arm_manual_control.egg-info/dependency_links.txt
writing entry points to ../../build/arm_manual_control/arm_manual_control.egg-info/entry_points.txt
writing requirements to ../../build/arm_manual_control/arm_manual_control.egg-info/requires.txt
writing top-level names to ../../build/arm_manual_control/arm_manual_control.egg-info/top_level.txt
writing manifest file '../../build/arm_manual_control/arm_manual_control.egg-info/SOURCES.txt'
reading manifest file '../../build/arm_manual_control/arm_manual_control.egg-info/SOURCES.txt'
adding license file 'LICENSE'
writing manifest file '../../build/arm_manual_control/arm_manual_control.egg-info/SOURCES.txt'
running build
running build_py
creating /home/criss/arm_control/build/arm_manual_control/build
creating /home/criss/arm_control/build/arm_manual_control/build/lib
creating /home/criss/arm_control/build/arm_manual_control/build/lib/arm_manual_control
copying arm_manual_control/__init__.py -> /home/criss/arm_control/build/arm_manual_control/build/lib/arm_manual_control
copying arm_manual_control/commands.py -> /home/criss/arm_control/build/arm_manual_control/build/lib/arm_manual_control
running install
running install_lib
creating /home/criss/arm_control/install/arm_manual_control/lib/python3.10/site-packages/arm_manual_control
copying /home/criss/arm_control/build/arm_manual_control/build/lib/arm_manual_control/__init__.py -> /home/criss/arm_control/install/arm_manual_control/lib/python3.10/site-packages/arm_manual_control
copying /home/criss/arm_control/build/arm_manual_control/build/lib/arm_manual_control/commands.py -> /home/criss/arm_control/install/arm_manual_control/lib/python3.10/site-packages/arm_manual_control
byte-compiling /home/criss/arm_control/install/arm_manual_control/lib/python3.10/site-packages/arm_manual_control/__init__.py to __init__.cpython-310.pyc
byte-compiling /home/criss/arm_control/install/arm_manual_control/lib/python3.10/site-packages/arm_manual_control/commands.py to commands.cpython-310.pyc
running install_data
creating /home/criss/arm_control/install/arm_manual_control/share/ament_index
creating /home/criss/arm_control/install/arm_manual_control/share/ament_index/resource_index
creating /home/criss/arm_control/install/arm_manual_control/share/ament_index/resource_index/packages
copying resource/arm_manual_control -> /home/criss/arm_control/install/arm_manual_control/share/ament_index/resource_index/packages
copying package.xml -> /home/criss/arm_control/install/arm_manual_control/share/arm_manual_control
running install_egg_info
Copying ../../build/arm_manual_control/arm_manual_control.egg-info to /home/criss/arm_control/install/arm_manual_control/lib/python3.10/site-packages/arm_manual_control-0.0.0-py3.10.egg-info
running install_scripts
writing list of installed files to '/home/criss/arm_control/build/arm_manual_control/install.log'
